// Jest Snapshot v1, https://goo.gl/fbAQLP

exports[`Customization should render properly 1`] = `
<div>
  <ToggleButton
    isActive={false}
    label="Customize"
    toggleCustomization={[Function]}
  />
  <Collapse
    isOpen={false}
    onWindowResize={[MockFunction]}
  >
    <Options
      isOpen={false}
      onToggle={[Function]}
      options={
        [
          {
            "category": "essential",
            "description": "These cookies are required to run the site.",
            "id": "essential",
            "isEnabled": false,
            "label": "Strictly necessary cookies",
          },
          {
            "category": "functional",
            "description": "We’ll remember the basics such as language.",
            "id": "functional",
            "isEnabled": false,
            "label": "Functional cookies",
          },
          {
            "category": "statistics",
            "description": "We’ll know where we should improve your experience.",
            "id": "statistics",
            "isEnabled": false,
            "label": "Statistics",
          },
          {
            "category": "marketing",
            "description": "We’ll only show you content that interests you.",
            "id": "marketing",
            "isEnabled": false,
            "label": "Marketing",
          },
        ]
      }
    />
  </Collapse>
  <div
    className="ct-acceptance"
  >
    <Button
      className="ct-button-secondary"
      label="Decline"
      onClick={[Function]}
    />
    <Button
      label="Accept all"
      onClick={[Function]}
    />
  </div>
</div>
`;
